// Jest Snapshot v1, https://goo.gl/fbAQLP

exports[`AtmController - e2e POST /take-money should return 400 BAD REQUEST when payload is not a valid currency 1`] = `"amount must be a valid currency"`;

exports[`AtmController - e2e PUT /load-money should return 400 BAD REQUEST when payload is an array with <6 elements 1`] = `
[
  "money must contain at least 6 elements",
]
`;

exports[`AtmController - e2e PUT /load-money should return 400 BAD REQUEST when payload is an array with >6 elements 1`] = `
[
  "money must contain no more than 6 elements",
]
`;

exports[`AtmController - e2e PUT /load-money should return 400 BAD REQUEST when payload is not an array 1`] = `
[
  "money must contain no more than 6 elements",
  "money must contain at least 6 elements",
  "money must be an array",
  "each value in money must be an integer number",
]
`;

exports[`AtmController - e2e PUT /load-money should return 400 BAD REQUEST when payload is not an array of integers 1`] = `
[
  "each value in money must be an integer number",
]
`;
