// Jest Snapshot v1, https://goo.gl/fbAQLP

exports[`ManagementController - e2e GET /:id should return 400 BAD REQUEST when id is not a valid uuid 1`] = `"Validation failed (uuid v 4 is expected)"`;

exports[`ManagementController - e2e POST / should return 400 BAD REQUEST when id is not a valid uuid 1`] = `
[
  "id must be a UUID",
]
`;

exports[`ManagementController - e2e POST /:id/load-cash-to-atm should return 400 BAD REQUEST when id is not a valid uuid 1`] = `"Validation failed (uuid v 4 is expected)"`;

exports[`ManagementController - e2e POST /:id/unload-cash-from-snack-machine should return 400 BAD REQUEST when id is not a valid uuid 1`] = `"Validation failed (uuid v 4 is expected)"`;
